---
source: tests/filter.rs
expression: output
---
[
  {
    "id":<ID>,
    "method": "GET",
    "uri": "http://localhost:<PORT>/hello",
    "status": 200,
    "size": 13,
    "time":<TIME>,
    "mime": null
  }
]
